2026-02-23 19:16:38.965 | INFO     | __main__:main:1220 - data:
  task: binary
  text_encoder: D:/code/LAB/my_MoRE_cloud/MoRE2026-Cloud/models/bert/bert-base-uncased
  num_pos: 30
  num_neg: 90
para:
  text_encoder: D:/code/LAB/my_MoRE_cloud/MoRE2026-Cloud/models/bert/bert-base-uncased
  fea_dim: 64
  num_epoch: 50
  delta: 0.4
  alpha: 0.6
  num_pos: 30
  num_neg: 90
  dropout: 0.3
  use_radar: true
  radar_at_test: true
  memory_size: 1024
  entropy_threshold: 0.1
  num_retrieve: 3
  align_loss_weight: 0.5
  self_train_temperature: 0.2
  pseudo_alpha: 0.7
  pseudo_beta: 0.3
  use_pseudo_label: false
  history_size: 2048
opt:
  name: AdamW
  lr: 0.0007
  weight_decay: 0.002
sche:
  name: DummyLR
num_epoch: 50
batch_size: 128
seed: 2024
model: MoRE
dataset: HateMM
type: default
patience: 7

2026-02-23 19:16:38.971 | INFO     | __main__:main:1227 - [32mUsing RADAR-enhanced Trainer
2026-02-23 19:16:40.505 | INFO     | __main__:run:588 - Current fold: default
2026-02-23 19:16:40.506 | INFO     | __main__:run:590 - Current Epoch: 0
2026-02-23 19:16:44.860 | INFO     | __main__:_train:1112 - [34mTrain: Loss: 0.67604
2026-02-23 19:16:44.860 | INFO     | __main__:_train:1113 - [34mTrain: Acc: 0.59709, Macro F1: 0.41791, Macro Prec: 0.52458, Macro Rec: 0.50465
2026-02-23 19:16:44.860 | INFO     | __main__:_train:1115 - [34mTrain: A F1: 0.74087, A Prec: 0.60472, A Rec: 0.95614
2026-02-23 19:16:44.860 | INFO     | __main__:_train:1117 - [34mTrain: B F1: 0.09496, B Prec: 0.44444, B Rec: 0.05316
2026-02-23 19:16:45.216 | INFO     | __main__:_valid:1195 - [33mValid: Loss: 0.66319
2026-02-23 19:16:45.216 | INFO     | __main__:_valid:1196 - [33mValid: Acc: 0.60550, Macro F1: 0.39794, Macro Prec: 0.55374, Macro Rec: 0.50405
2026-02-23 19:16:45.217 | INFO     | __main__:_valid:1198 - [33mValid: A F1: 0.75145, A Prec: 0.60748, A Rec: 0.98485
2026-02-23 19:16:45.217 | INFO     | __main__:_valid:1200 - [33mValid: B F1: 0.04444, B Prec: 0.50000, B Rec: 0.02326
2026-02-23 19:16:46.282 | INFO     | __main__:_valid:1195 - [31mTest: Loss: 0.67153
2026-02-23 19:16:46.283 | INFO     | __main__:_valid:1196 - [31mTest: Acc: 0.58525, Macro F1: 0.37929, Macro Prec: 0.39717, Macro Rec: 0.49036
2026-02-23 19:16:46.283 | INFO     | __main__:_valid:1198 - [31mTest: A F1: 0.73684, A Prec: 0.59434, A Rec: 0.96923
2026-02-23 19:16:46.283 | INFO     | __main__:_valid:1200 - [31mTest: B F1: 0.02174, B Prec: 0.20000, B Rec: 0.01149
2026-02-23 19:16:46.283 | INFO     | __main__:run:590 - Current Epoch: 1
