2026-02-24 01:55:03.465 | INFO     | __main__:main:1220 - data:
  task: binary
  text_encoder: D:/code/LAB/my_MoRE_cloud/MoRE2026-Cloud/models/bert/bert-base-uncased
  num_pos: 30
  num_neg: 90
para:
  text_encoder: D:/code/LAB/my_MoRE_cloud/MoRE2026-Cloud/models/bert/bert-base-uncased
  fea_dim: 64
  num_epoch: 50
  delta: 0.4
  alpha: 0.6
  num_pos: 30
  num_neg: 90
  dropout: 0.3
  use_radar: true
  radar_at_test: true
  memory_size: 1024
  entropy_threshold: 0.1
  num_retrieve: 3
  align_loss_weight: 0.5
  self_train_temperature: 0.2
  pseudo_alpha: 0.7
  pseudo_beta: 0.3
  use_pseudo_label: false
  history_size: 2048
opt:
  name: AdamW
  lr: 0.0007
  weight_decay: 0.002
sche:
  name: DummyLR
num_epoch: 50
batch_size: 128
seed: 2024
model: MoRE
dataset: HateMM
type: default
patience: 7

2026-02-24 01:55:03.472 | INFO     | __main__:main:1227 - [32mUsing RADAR-enhanced Trainer
2026-02-24 01:55:05.059 | INFO     | __main__:run:588 - Current fold: default
2026-02-24 01:55:05.060 | INFO     | __main__:run:590 - Current Epoch: 0
2026-02-24 01:55:07.650 | INFO     | __main__:_train:1112 - [34mTrain: Loss: 0.67604
2026-02-24 01:55:07.650 | INFO     | __main__:_train:1113 - [34mTrain: Acc: 0.59709, Macro F1: 0.41791, Macro Prec: 0.52458, Macro Rec: 0.50465
2026-02-24 01:55:07.650 | INFO     | __main__:_train:1115 - [34mTrain: A F1: 0.74087, A Prec: 0.60472, A Rec: 0.95614
2026-02-24 01:55:07.650 | INFO     | __main__:_train:1117 - [34mTrain: B F1: 0.09496, B Prec: 0.44444, B Rec: 0.05316
2026-02-24 01:55:07.980 | INFO     | __main__:_valid:1195 - [33mValid: Loss: 0.66319
2026-02-24 01:55:07.981 | INFO     | __main__:_valid:1196 - [33mValid: Acc: 0.60550, Macro F1: 0.39794, Macro Prec: 0.55374, Macro Rec: 0.50405
2026-02-24 01:55:07.981 | INFO     | __main__:_valid:1198 - [33mValid: A F1: 0.75145, A Prec: 0.60748, A Rec: 0.98485
2026-02-24 01:55:07.981 | INFO     | __main__:_valid:1200 - [33mValid: B F1: 0.04444, B Prec: 0.50000, B Rec: 0.02326
2026-02-24 01:55:09.043 | INFO     | __main__:_valid:1195 - [31mTest: Loss: 0.67153
2026-02-24 01:55:09.043 | INFO     | __main__:_valid:1196 - [31mTest: Acc: 0.58525, Macro F1: 0.37929, Macro Prec: 0.39717, Macro Rec: 0.49036
2026-02-24 01:55:09.043 | INFO     | __main__:_valid:1198 - [31mTest: A F1: 0.73684, A Prec: 0.59434, A Rec: 0.96923
2026-02-24 01:55:09.044 | INFO     | __main__:_valid:1200 - [31mTest: B F1: 0.02174, B Prec: 0.20000, B Rec: 0.01149
2026-02-24 01:55:09.044 | INFO     | __main__:run:590 - Current Epoch: 1
2026-02-24 01:55:11.141 | INFO     | __main__:_train:1112 - [34mTrain: Loss: 0.64808
2026-02-24 01:55:11.141 | INFO     | __main__:_train:1113 - [34mTrain: Acc: 0.65786, Macro F1: 0.59611, Macro Prec: 0.64812, Macro Rec: 0.60308
2026-02-24 01:55:11.141 | INFO     | __main__:_train:1115 - [34mTrain: A F1: 0.75404, A Prec: 0.66499, A Rec: 0.87061
2026-02-24 01:55:11.141 | INFO     | __main__:_train:1117 - [34mTrain: B F1: 0.43818, B Prec: 0.63125, B Rec: 0.33555
2026-02-24 01:55:11.463 | INFO     | __main__:_valid:1195 - [33mValid: Loss: 0.64741
2026-02-24 01:55:11.463 | INFO     | __main__:_valid:1196 - [33mValid: Acc: 0.60550, Macro F1: 0.57317, Macro Prec: 0.57877, Macro Rec: 0.57294
2026-02-24 01:55:11.464 | INFO     | __main__:_valid:1198 - [33mValid: A F1: 0.69065, A Prec: 0.65753, A Rec: 0.72727
2026-02-24 01:55:11.464 | INFO     | __main__:_valid:1200 - [33mValid: B F1: 0.45570, B Prec: 0.50000, B Rec: 0.41860
2026-02-24 01:55:12.742 | INFO     | __main__:_valid:1195 - [31mTest: Loss: 0.63725
2026-02-24 01:55:12.742 | INFO     | __main__:_valid:1196 - [31mTest: Acc: 0.64977, Macro F1: 0.59307, Macro Prec: 0.63648, Macro Rec: 0.59934
2026-02-24 01:55:12.743 | INFO     | __main__:_valid:1198 - [31mTest: A F1: 0.74497, A Prec: 0.66071, A Rec: 0.85385
2026-02-24 01:55:12.743 | INFO     | __main__:_valid:1200 - [31mTest: B F1: 0.44118, B Prec: 0.61224, B Rec: 0.34483
2026-02-24 01:55:12.743 | INFO     | __main__:run:590 - Current Epoch: 2
2026-02-24 01:55:14.818 | INFO     | __main__:_train:1112 - [34mTrain: Loss: 0.61540
2026-02-24 01:55:14.818 | INFO     | __main__:_train:1113 - [34mTrain: Acc: 0.70410, Macro F1: 0.67653, Macro Prec: 0.69303, Macro Rec: 0.67251
2026-02-24 01:55:14.818 | INFO     | __main__:_train:1115 - [34mTrain: A F1: 0.77096, A Prec: 0.72222, A Rec: 0.82675
2026-02-24 01:55:14.819 | INFO     | __main__:_train:1117 - [34mTrain: B F1: 0.58209, B Prec: 0.66383, B Rec: 0.51827
2026-02-24 01:55:15.143 | INFO     | __main__:_valid:1195 - [33mValid: Loss: 0.62973
2026-02-24 01:55:15.143 | INFO     | __main__:_valid:1196 - [33mValid: Acc: 0.65138, Macro F1: 0.62070, Macro Prec: 0.63031, Macro Rec: 0.61892
2026-02-24 01:55:15.143 | INFO     | __main__:_valid:1198 - [33mValid: A F1: 0.72857, A Prec: 0.68919, A Rec: 0.77273
2026-02-24 01:55:15.144 | INFO     | __main__:_valid:1200 - [33mValid: B F1: 0.51282, B Prec: 0.57143, B Rec: 0.46512
2026-02-24 01:55:16.655 | INFO     | __main__:_valid:1195 - [31mTest: Loss: 0.60845
2026-02-24 01:55:16.655 | INFO     | __main__:_valid:1196 - [31mTest: Acc: 0.67742, Macro F1: 0.63625, Macro Prec: 0.66831, Macro Rec: 0.63572
2026-02-24 01:55:16.655 | INFO     | __main__:_valid:1198 - [31mTest: A F1: 0.75862, A Prec: 0.68750, A Rec: 0.84615
2026-02-24 01:55:16.655 | INFO     | __main__:_valid:1200 - [31mTest: B F1: 0.51389, B Prec: 0.64912, B Rec: 0.42529
2026-02-24 01:55:16.655 | INFO     | __main__:run:590 - Current Epoch: 3
2026-02-24 01:55:18.764 | INFO     | __main__:_train:1112 - [34mTrain: Loss: 0.58003
2026-02-24 01:55:18.764 | INFO     | __main__:_train:1113 - [34mTrain: Acc: 0.72919, Macro F1: 0.71219, Macro Prec: 0.71762, Macro Rec: 0.70916
2026-02-24 01:55:18.764 | INFO     | __main__:_train:1115 - [34mTrain: A F1: 0.78215, A Prec: 0.75876, A Rec: 0.80702
2026-02-24 01:55:18.764 | INFO     | __main__:_train:1117 - [34mTrain: B F1: 0.64223, B Prec: 0.67647, B Rec: 0.61130
2026-02-24 01:55:19.072 | INFO     | __main__:_valid:1195 - [33mValid: Loss: 0.56655
2026-02-24 01:55:19.072 | INFO     | __main__:_valid:1196 - [33mValid: Acc: 0.69725, Macro F1: 0.66462, Macro Prec: 0.68527, Macro Rec: 0.66085
2026-02-24 01:55:19.072 | INFO     | __main__:_valid:1198 - [33mValid: A F1: 0.76923, A Prec: 0.71429, A Rec: 0.83333
2026-02-24 01:55:19.072 | INFO     | __main__:_valid:1200 - [33mValid: B F1: 0.56000, B Prec: 0.65625, B Rec: 0.48837
2026-02-24 01:55:20.783 | INFO     | __main__:_valid:1195 - [31mTest: Loss: 0.57425
2026-02-24 01:55:20.783 | INFO     | __main__:_valid:1196 - [31mTest: Acc: 0.70507, Macro F1: 0.65732, Macro Prec: 0.71556, Macro Rec: 0.65690
2026-02-24 01:55:20.783 | INFO     | __main__:_valid:1198 - [31mTest: A F1: 0.78523, A Prec: 0.69643, A Rec: 0.90000
2026-02-24 01:55:20.783 | INFO     | __main__:_valid:1200 - [31mTest: B F1: 0.52941, B Prec: 0.73469, B Rec: 0.41379
2026-02-24 01:55:20.784 | INFO     | __main__:run:590 - Current Epoch: 4
2026-02-24 01:55:22.853 | INFO     | __main__:_train:1112 - [34mTrain: Loss: 0.53949
2026-02-24 01:55:22.853 | INFO     | __main__:_train:1113 - [34mTrain: Acc: 0.77279, Macro F1: 0.75592, Macro Prec: 0.76749, Macro Rec: 0.75042
2026-02-24 01:55:22.853 | INFO     | __main__:_train:1115 - [34mTrain: A F1: 0.82008, A Prec: 0.78400, A Rec: 0.85965
2026-02-24 01:55:22.853 | INFO     | __main__:_train:1117 - [34mTrain: B F1: 0.69176, B Prec: 0.75097, B Rec: 0.64120
2026-02-24 01:55:23.168 | INFO     | __main__:_valid:1195 - [33mValid: Loss: 0.54865
2026-02-24 01:55:23.168 | INFO     | __main__:_valid:1196 - [33mValid: Acc: 0.73394, Macro F1: 0.71515, Macro Prec: 0.72239, Macro Rec: 0.71142
2026-02-24 01:55:23.168 | INFO     | __main__:_valid:1198 - [33mValid: A F1: 0.78832, A Prec: 0.76056, A Rec: 0.81818
2026-02-24 01:55:23.168 | INFO     | __main__:_valid:1200 - [33mValid: B F1: 0.64198, B Prec: 0.68421, B Rec: 0.60465
2026-02-24 01:55:25.088 | INFO     | __main__:_valid:1195 - [31mTest: Loss: 0.53916
2026-02-24 01:55:25.088 | INFO     | __main__:_valid:1196 - [31mTest: Acc: 0.73272, Macro F1: 0.70068, Macro Prec: 0.73681, Macro Rec: 0.69518
2026-02-24 01:55:25.089 | INFO     | __main__:_valid:1198 - [31mTest: A F1: 0.79861, A Prec: 0.72785, A Rec: 0.88462
2026-02-24 01:55:25.089 | INFO     | __main__:_valid:1200 - [31mTest: B F1: 0.60274, B Prec: 0.74576, B Rec: 0.50575
2026-02-24 01:55:25.089 | INFO     | __main__:run:590 - Current Epoch: 5
2026-02-24 01:55:27.168 | INFO     | __main__:_train:1112 - [34mTrain: Loss: 0.49769
2026-02-24 01:55:27.168 | INFO     | __main__:_train:1113 - [34mTrain: Acc: 0.81374, Macro F1: 0.80122, Macro Prec: 0.81076, Macro Rec: 0.79571
2026-02-24 01:55:27.168 | INFO     | __main__:_train:1115 - [34mTrain: A F1: 0.85111, A Prec: 0.82077, A Rec: 0.88377
2026-02-24 01:55:27.168 | INFO     | __main__:_train:1117 - [34mTrain: B F1: 0.75132, B Prec: 0.80075, B Rec: 0.70764
2026-02-24 01:55:27.532 | INFO     | __main__:_valid:1195 - [33mValid: Loss: 0.55286
2026-02-24 01:55:27.533 | INFO     | __main__:_valid:1196 - [33mValid: Acc: 0.74312, Macro F1: 0.72355, Macro Prec: 0.73330, Macro Rec: 0.71899
2026-02-24 01:55:27.533 | INFO     | __main__:_valid:1198 - [33mValid: A F1: 0.79710, A Prec: 0.76389, A Rec: 0.83333
2026-02-24 01:55:27.533 | INFO     | __main__:_valid:1200 - [33mValid: B F1: 0.65000, B Prec: 0.70270, B Rec: 0.60465
2026-02-24 01:55:29.501 | INFO     | __main__:_valid:1195 - [31mTest: Loss: 0.51556
2026-02-24 01:55:29.502 | INFO     | __main__:_valid:1196 - [31mTest: Acc: 0.74654, Macro F1: 0.71711, Macro Prec: 0.75276, Macro Rec: 0.71052
2026-02-24 01:55:29.502 | INFO     | __main__:_valid:1198 - [31mTest: A F1: 0.80836, A Prec: 0.73885, A Rec: 0.89231
2026-02-24 01:55:29.502 | INFO     | __main__:_valid:1200 - [31mTest: B F1: 0.62585, B Prec: 0.76667, B Rec: 0.52874
2026-02-24 01:55:29.527 | INFO     | __main__:run:590 - Current Epoch: 6
2026-02-24 01:55:31.596 | INFO     | __main__:_train:1112 - [34mTrain: Loss: 0.48284
2026-02-24 01:55:31.597 | INFO     | __main__:_train:1113 - [34mTrain: Acc: 0.81770, Macro F1: 0.80741, Macro Prec: 0.81203, Macro Rec: 0.80408
2026-02-24 01:55:31.597 | INFO     | __main__:_train:1115 - [34mTrain: A F1: 0.85193, A Prec: 0.83403, A Rec: 0.87061
2026-02-24 01:55:31.597 | INFO     | __main__:_train:1117 - [34mTrain: B F1: 0.76289, B Prec: 0.79004, B Rec: 0.73754
2026-02-24 01:55:31.959 | INFO     | __main__:_valid:1195 - [33mValid: Loss: 0.61405
2026-02-24 01:55:31.959 | INFO     | __main__:_valid:1196 - [33mValid: Acc: 0.71560, Macro F1: 0.71211, Macro Prec: 0.71465, Macro Rec: 0.72463
2026-02-24 01:55:31.959 | INFO     | __main__:_valid:1198 - [33mValid: A F1: 0.74380, A Prec: 0.81818, A Rec: 0.68182
2026-02-24 01:55:31.959 | INFO     | __main__:_valid:1200 - [33mValid: B F1: 0.68041, B Prec: 0.61111, B Rec: 0.76744
2026-02-24 01:55:33.536 | INFO     | __main__:_valid:1195 - [31mTest: Loss: 0.51152
2026-02-24 01:55:33.536 | INFO     | __main__:_valid:1196 - [31mTest: Acc: 0.75115, Macro F1: 0.74724, Macro Prec: 0.74676, Macro Rec: 0.75619
2026-02-24 01:55:33.536 | INFO     | __main__:_valid:1198 - [31mTest: A F1: 0.77869, A Prec: 0.83333, A Rec: 0.73077
2026-02-24 01:55:33.536 | INFO     | __main__:_valid:1200 - [31mTest: B F1: 0.71579, B Prec: 0.66019, B Rec: 0.78161
2026-02-24 01:55:33.557 | INFO     | __main__:run:590 - Current Epoch: 7
2026-02-24 01:55:35.630 | INFO     | __main__:_train:1112 - [34mTrain: Loss: 0.47984
2026-02-24 01:55:35.630 | INFO     | __main__:_train:1113 - [34mTrain: Acc: 0.80053, Macro F1: 0.79304, Macro Prec: 0.79154, Macro Rec: 0.79491
2026-02-24 01:55:35.631 | INFO     | __main__:_train:1115 - [34mTrain: A F1: 0.83241, A Prec: 0.84270, A Rec: 0.82237
2026-02-24 01:55:35.631 | INFO     | __main__:_train:1117 - [34mTrain: B F1: 0.75367, B Prec: 0.74038, B Rec: 0.76744
2026-02-24 01:55:35.987 | INFO     | __main__:_valid:1195 - [33mValid: Loss: 0.59851
2026-02-24 01:55:35.988 | INFO     | __main__:_valid:1196 - [33mValid: Acc: 0.73394, Macro F1: 0.70527, Macro Prec: 0.72950, Macro Rec: 0.69926
2026-02-24 01:55:35.988 | INFO     | __main__:_valid:1198 - [33mValid: A F1: 0.79720, A Prec: 0.74026, A Rec: 0.86364
2026-02-24 01:55:35.988 | INFO     | __main__:_valid:1200 - [33mValid: B F1: 0.61333, B Prec: 0.71875, B Rec: 0.53488
2026-02-24 01:55:37.550 | INFO     | __main__:_valid:1195 - [31mTest: Loss: 0.50094
2026-02-24 01:55:37.550 | INFO     | __main__:_valid:1196 - [31mTest: Acc: 0.78341, Macro F1: 0.75983, Macro Prec: 0.79516, Macro Rec: 0.75080
2026-02-24 01:55:37.550 | INFO     | __main__:_valid:1198 - [31mTest: A F1: 0.83509, A Prec: 0.76774, A Rec: 0.91538
2026-02-24 01:55:37.550 | INFO     | __main__:_valid:1200 - [31mTest: B F1: 0.68456, B Prec: 0.82258, B Rec: 0.58621
2026-02-24 01:55:37.571 | INFO     | __main__:run:590 - Current Epoch: 8
2026-02-24 01:55:39.666 | INFO     | __main__:_train:1112 - [34mTrain: Loss: 0.48815
2026-02-24 01:55:39.666 | INFO     | __main__:_train:1113 - [34mTrain: Acc: 0.80185, Macro F1: 0.79294, Macro Prec: 0.79328, Macro Rec: 0.79261
2026-02-24 01:55:39.666 | INFO     | __main__:_train:1115 - [34mTrain: A F1: 0.83589, A Prec: 0.83406, A Rec: 0.83772
2026-02-24 01:55:39.666 | INFO     | __main__:_train:1117 - [34mTrain: B F1: 0.75000, B Prec: 0.75251, B Rec: 0.74751
2026-02-24 01:55:40.030 | INFO     | __main__:_valid:1195 - [33mValid: Loss: 0.56694
2026-02-24 01:55:40.032 | INFO     | __main__:_valid:1196 - [33mValid: Acc: 0.74312, Macro F1: 0.71720, Macro Prec: 0.73864, Macro Rec: 0.71089
2026-02-24 01:55:40.032 | INFO     | __main__:_valid:1198 - [33mValid: A F1: 0.80282, A Prec: 0.75000, A Rec: 0.86364
2026-02-24 01:55:40.032 | INFO     | __main__:_valid:1200 - [33mValid: B F1: 0.63158, B Prec: 0.72727, B Rec: 0.55814
2026-02-24 01:55:42.017 | INFO     | __main__:_valid:1195 - [31mTest: Loss: 0.48681
2026-02-24 01:55:42.017 | INFO     | __main__:_valid:1196 - [31mTest: Acc: 0.78341, Macro F1: 0.76278, Macro Prec: 0.78893, Macro Rec: 0.75460
2026-02-24 01:55:42.018 | INFO     | __main__:_valid:1198 - [31mTest: A F1: 0.83274, A Prec: 0.77483, A Rec: 0.90000
2026-02-24 01:55:42.018 | INFO     | __main__:_valid:1200 - [31mTest: B F1: 0.69281, B Prec: 0.80303, B Rec: 0.60920
2026-02-24 01:55:42.039 | INFO     | __main__:run:590 - Current Epoch: 9
2026-02-24 01:55:44.120 | INFO     | __main__:_train:1112 - [34mTrain: Loss: 0.47919
2026-02-24 01:55:44.120 | INFO     | __main__:_train:1113 - [34mTrain: Acc: 0.80449, Macro F1: 0.78934, Macro Prec: 0.80396, Macro Rec: 0.78238
2026-02-24 01:55:44.120 | INFO     | __main__:_train:1115 - [34mTrain: A F1: 0.84583, A Prec: 0.80556, A Rec: 0.89035
2026-02-24 01:55:44.120 | INFO     | __main__:_train:1117 - [34mTrain: B F1: 0.73285, B Prec: 0.80237, B Rec: 0.67442
2026-02-24 01:55:44.483 | INFO     | __main__:_valid:1195 - [33mValid: Loss: 0.57532
2026-02-24 01:55:44.483 | INFO     | __main__:_valid:1196 - [33mValid: Acc: 0.72477, Macro F1: 0.72194, Macro Prec: 0.72576, Macro Rec: 0.73626
2026-02-24 01:55:44.483 | INFO     | __main__:_valid:1198 - [33mValid: A F1: 0.75000, A Prec: 0.83333, A Rec: 0.68182
2026-02-24 01:55:44.484 | INFO     | __main__:_valid:1200 - [33mValid: B F1: 0.69388, B Prec: 0.61818, B Rec: 0.79070
2026-02-24 01:55:46.120 | INFO     | __main__:_valid:1195 - [31mTest: Loss: 0.51063
2026-02-24 01:55:46.120 | INFO     | __main__:_valid:1196 - [31mTest: Acc: 0.75115, Macro F1: 0.74832, Macro Prec: 0.74983, Macro Rec: 0.75999
2026-02-24 01:55:46.121 | INFO     | __main__:_valid:1198 - [31mTest: A F1: 0.77500, A Prec: 0.84545, A Rec: 0.71538
2026-02-24 01:55:46.121 | INFO     | __main__:_valid:1200 - [31mTest: B F1: 0.72165, B Prec: 0.65421, B Rec: 0.80460
2026-02-24 01:55:46.143 | INFO     | __main__:run:590 - Current Epoch: 10
2026-02-24 01:55:48.254 | INFO     | __main__:_train:1112 - [34mTrain: Loss: 0.45675
2026-02-24 01:55:48.254 | INFO     | __main__:_train:1113 - [34mTrain: Acc: 0.82695, Macro F1: 0.81252, Macro Prec: 0.83177, Macro Rec: 0.80385
2026-02-24 01:55:48.254 | INFO     | __main__:_train:1115 - [34mTrain: A F1: 0.86453, A Prec: 0.81800, A Rec: 0.91667
2026-02-24 01:55:48.254 | INFO     | __main__:_train:1117 - [34mTrain: B F1: 0.76051, B Prec: 0.84553, B Rec: 0.69103
2026-02-24 01:55:48.620 | INFO     | __main__:_valid:1195 - [33mValid: Loss: 0.56757
2026-02-24 01:55:48.620 | INFO     | __main__:_valid:1196 - [33mValid: Acc: 0.72477, Macro F1: 0.71946, Macro Prec: 0.71890, Macro Rec: 0.72815
2026-02-24 01:55:48.621 | INFO     | __main__:_valid:1198 - [33mValid: A F1: 0.75806, A Prec: 0.81034, A Rec: 0.71212
2026-02-24 01:55:48.621 | INFO     | __main__:_valid:1200 - [33mValid: B F1: 0.68085, B Prec: 0.62745, B Rec: 0.74419
2026-02-24 01:55:50.205 | INFO     | __main__:_valid:1195 - [31mTest: Loss: 0.51076
2026-02-24 01:55:50.205 | INFO     | __main__:_valid:1196 - [31mTest: Acc: 0.76037, Macro F1: 0.75765, Macro Prec: 0.75905, Macro Rec: 0.76958
2026-02-24 01:55:50.205 | INFO     | __main__:_valid:1198 - [31mTest: A F1: 0.78333, A Prec: 0.85455, A Rec: 0.72308
2026-02-24 01:55:50.205 | INFO     | __main__:_valid:1200 - [31mTest: B F1: 0.73196, B Prec: 0.66355, B Rec: 0.81609
2026-02-24 01:55:50.226 | INFO     | __main__:run:590 - Current Epoch: 11
2026-02-24 01:55:52.302 | INFO     | __main__:_train:1112 - [34mTrain: Loss: 0.44954
2026-02-24 01:55:52.302 | INFO     | __main__:_train:1113 - [34mTrain: Acc: 0.83091, Macro F1: 0.82483, Macro Prec: 0.82282, Macro Rec: 0.82746
2026-02-24 01:55:52.302 | INFO     | __main__:_train:1115 - [34mTrain: A F1: 0.85746, A Prec: 0.87104, A Rec: 0.84430
2026-02-24 01:55:52.302 | INFO     | __main__:_train:1117 - [34mTrain: B F1: 0.79221, B Prec: 0.77460, B Rec: 0.81063
2026-02-24 01:55:52.659 | INFO     | __main__:_valid:1195 - [33mValid: Loss: 0.56926
2026-02-24 01:55:52.660 | INFO     | __main__:_valid:1196 - [33mValid: Acc: 0.75229, Macro F1: 0.71374, Macro Prec: 0.77132, Macro Rec: 0.70631
2026-02-24 01:55:52.660 | INFO     | __main__:_valid:1198 - [33mValid: A F1: 0.81879, A Prec: 0.73494, A Rec: 0.92424
2026-02-24 01:55:52.660 | INFO     | __main__:_valid:1200 - [33mValid: B F1: 0.60870, B Prec: 0.80769, B Rec: 0.48837
2026-02-24 01:55:54.589 | INFO     | __main__:_valid:1195 - [31mTest: Loss: 0.50928
2026-02-24 01:55:54.589 | INFO     | __main__:_valid:1196 - [31mTest: Acc: 0.76037, Macro F1: 0.71930, Macro Prec: 0.80088, Macro Rec: 0.71256
2026-02-24 01:55:54.589 | INFO     | __main__:_valid:1198 - [31mTest: A F1: 0.82667, A Prec: 0.72941, A Rec: 0.95385
2026-02-24 01:55:54.589 | INFO     | __main__:_valid:1200 - [31mTest: B F1: 0.61194, B Prec: 0.87234, B Rec: 0.47126
2026-02-24 01:55:54.610 | INFO     | __main__:run:590 - Current Epoch: 12
2026-02-24 01:55:56.684 | INFO     | __main__:_train:1112 - [34mTrain: Loss: 0.42554
2026-02-24 01:55:56.684 | INFO     | __main__:_train:1113 - [34mTrain: Acc: 0.84941, Macro F1: 0.84282, Macro Prec: 0.84282, Macro Rec: 0.84282
2026-02-24 01:55:56.684 | INFO     | __main__:_train:1115 - [34mTrain: A F1: 0.87500, A Prec: 0.87500, A Rec: 0.87500
2026-02-24 01:55:56.685 | INFO     | __main__:_train:1117 - [34mTrain: B F1: 0.81063, B Prec: 0.81063, B Rec: 0.81063
2026-02-24 01:55:57.056 | INFO     | __main__:_valid:1195 - [33mValid: Loss: 0.54417
2026-02-24 01:55:57.057 | INFO     | __main__:_valid:1196 - [33mValid: Acc: 0.78899, Macro F1: 0.77408, Macro Prec: 0.78299, Macro Rec: 0.76903
2026-02-24 01:55:57.057 | INFO     | __main__:_valid:1198 - [33mValid: A F1: 0.83212, A Prec: 0.80282, A Rec: 0.86364
2026-02-24 01:55:57.057 | INFO     | __main__:_valid:1200 - [33mValid: B F1: 0.71605, B Prec: 0.76316, B Rec: 0.67442
2026-02-24 01:55:59.012 | INFO     | __main__:_valid:1195 - [31mTest: Loss: 0.47915
2026-02-24 01:55:59.012 | INFO     | __main__:_valid:1196 - [31mTest: Acc: 0.80184, Macro F1: 0.78660, Macro Prec: 0.80278, Macro Rec: 0.77949
2026-02-24 01:55:59.012 | INFO     | __main__:_valid:1198 - [31mTest: A F1: 0.84364, A Prec: 0.80000, A Rec: 0.89231
2026-02-24 01:55:59.012 | INFO     | __main__:_valid:1200 - [31mTest: B F1: 0.72956, B Prec: 0.80556, B Rec: 0.66667
2026-02-24 01:55:59.033 | INFO     | __main__:run:590 - Current Epoch: 13
2026-02-24 01:56:01.118 | INFO     | __main__:_train:1112 - [34mTrain: Loss: 0.42495
2026-02-24 01:56:01.118 | INFO     | __main__:_train:1113 - [34mTrain: Acc: 0.84544, Macro F1: 0.83409, Macro Prec: 0.84813, Macro Rec: 0.82654
2026-02-24 01:56:01.118 | INFO     | __main__:_train:1115 - [34mTrain: A F1: 0.87749, A Prec: 0.83968, A Rec: 0.91886
2026-02-24 01:56:01.118 | INFO     | __main__:_train:1117 - [34mTrain: B F1: 0.79070, B Prec: 0.85659, B Rec: 0.73422
2026-02-24 01:56:01.494 | INFO     | __main__:_valid:1195 - [33mValid: Loss: 0.63716
2026-02-24 01:56:01.494 | INFO     | __main__:_valid:1196 - [33mValid: Acc: 0.70642, Macro F1: 0.70580, Macro Prec: 0.72217, Macro Rec: 0.72921
2026-02-24 01:56:01.495 | INFO     | __main__:_valid:1198 - [33mValid: A F1: 0.71930, A Prec: 0.85417, A Rec: 0.62121
2026-02-24 01:56:01.495 | INFO     | __main__:_valid:1200 - [33mValid: B F1: 0.69231, B Prec: 0.59016, B Rec: 0.83721
2026-02-24 01:56:03.135 | INFO     | __main__:_valid:1195 - [31mTest: Loss: 0.54838
2026-02-24 01:56:03.135 | INFO     | __main__:_valid:1196 - [31mTest: Acc: 0.73272, Macro F1: 0.73107, Macro Prec: 0.73724, Macro Rec: 0.74651
2026-02-24 01:56:03.135 | INFO     | __main__:_valid:1198 - [31mTest: A F1: 0.75214, A Prec: 0.84615, A Rec: 0.67692
2026-02-24 01:56:03.136 | INFO     | __main__:_valid:1200 - [31mTest: B F1: 0.71000, B Prec: 0.62832, B Rec: 0.81609
2026-02-24 01:56:03.158 | INFO     | __main__:run:590 - Current Epoch: 14
2026-02-24 01:56:05.248 | INFO     | __main__:_train:1112 - [34mTrain: Loss: 0.41755
2026-02-24 01:56:05.248 | INFO     | __main__:_train:1113 - [34mTrain: Acc: 0.86394, Macro F1: 0.85539, Macro Prec: 0.86394, Macro Rec: 0.84980
2026-02-24 01:56:05.248 | INFO     | __main__:_train:1115 - [34mTrain: A F1: 0.89054, A Prec: 0.86392, A Rec: 0.91886
2026-02-24 01:56:05.248 | INFO     | __main__:_train:1117 - [34mTrain: B F1: 0.82024, B Prec: 0.86397, B Rec: 0.78073
2026-02-24 01:56:05.611 | INFO     | __main__:_valid:1195 - [33mValid: Loss: 0.49303
2026-02-24 01:56:05.611 | INFO     | __main__:_valid:1196 - [33mValid: Acc: 0.78899, Macro F1: 0.77626, Macro Prec: 0.78080, Macro Rec: 0.77308
2026-02-24 01:56:05.611 | INFO     | __main__:_valid:1198 - [33mValid: A F1: 0.82963, A Prec: 0.81159, A Rec: 0.84848
2026-02-24 01:56:05.611 | INFO     | __main__:_valid:1200 - [33mValid: B F1: 0.72289, B Prec: 0.75000, B Rec: 0.69767
2026-02-24 01:56:07.586 | INFO     | __main__:_valid:1195 - [31mTest: Loss: 0.46763
2026-02-24 01:56:07.586 | INFO     | __main__:_valid:1196 - [31mTest: Acc: 0.81106, Macro F1: 0.80217, Macro Prec: 0.80420, Macro Rec: 0.80049
2026-02-24 01:56:07.586 | INFO     | __main__:_valid:1198 - [31mTest: A F1: 0.84411, A Prec: 0.83459, A Rec: 0.85385
2026-02-24 01:56:07.586 | INFO     | __main__:_valid:1200 - [31mTest: B F1: 0.76023, B Prec: 0.77381, B Rec: 0.74713
2026-02-24 01:56:07.607 | INFO     | __main__:run:590 - Current Epoch: 15
2026-02-24 01:56:09.673 | INFO     | __main__:_train:1112 - [34mTrain: Loss: 0.40338
2026-02-24 01:56:09.674 | INFO     | __main__:_train:1113 - [34mTrain: Acc: 0.86526, Macro F1: 0.86083, Macro Prec: 0.85797, Macro Rec: 0.86501
2026-02-24 01:56:09.674 | INFO     | __main__:_train:1115 - [34mTrain: A F1: 0.88565, A Prec: 0.90596, A Rec: 0.86623
2026-02-24 01:56:09.674 | INFO     | __main__:_train:1117 - [34mTrain: B F1: 0.83601, B Prec: 0.80997, B Rec: 0.86379
2026-02-24 01:56:10.044 | INFO     | __main__:_valid:1195 - [33mValid: Loss: 0.57645
2026-02-24 01:56:10.044 | INFO     | __main__:_valid:1196 - [33mValid: Acc: 0.77982, Macro F1: 0.73923, Macro Prec: 0.82861, Macro Rec: 0.72903
2026-02-24 01:56:10.044 | INFO     | __main__:_valid:1198 - [33mValid: A F1: 0.84211, A Prec: 0.74419, A Rec: 0.96970
2026-02-24 01:56:10.045 | INFO     | __main__:_valid:1200 - [33mValid: B F1: 0.63636, B Prec: 0.91304, B Rec: 0.48837
2026-02-24 01:56:11.615 | INFO     | __main__:_valid:1195 - [31mTest: Loss: 0.49379
2026-02-24 01:56:11.615 | INFO     | __main__:_valid:1196 - [31mTest: Acc: 0.77419, Macro F1: 0.74069, Macro Prec: 0.80542, Macro Rec: 0.73170
2026-02-24 01:56:11.615 | INFO     | __main__:_valid:1198 - [31mTest: A F1: 0.83390, A Prec: 0.74545, A Rec: 0.94615
2026-02-24 01:56:11.615 | INFO     | __main__:_valid:1200 - [31mTest: B F1: 0.64748, B Prec: 0.86538, B Rec: 0.51724
2026-02-24 01:56:11.636 | INFO     | __main__:run:590 - Current Epoch: 16
2026-02-24 01:56:13.716 | INFO     | __main__:_train:1112 - [34mTrain: Loss: 0.38211
2026-02-24 01:56:13.716 | INFO     | __main__:_train:1113 - [34mTrain: Acc: 0.89696, Macro F1: 0.89169, Macro Prec: 0.89483, Macro Rec: 0.88906
2026-02-24 01:56:13.716 | INFO     | __main__:_train:1115 - [34mTrain: A F1: 0.91558, A Prec: 0.90385, A Rec: 0.92763
2026-02-24 01:56:13.717 | INFO     | __main__:_train:1117 - [34mTrain: B F1: 0.86780, B Prec: 0.88581, B Rec: 0.85050
2026-02-24 01:56:14.087 | INFO     | __main__:_valid:1195 - [33mValid: Loss: 0.53636
2026-02-24 01:56:14.087 | INFO     | __main__:_valid:1196 - [33mValid: Acc: 0.78899, Macro F1: 0.77824, Macro Prec: 0.77950, Macro Rec: 0.77713
2026-02-24 01:56:14.087 | INFO     | __main__:_valid:1198 - [33mValid: A F1: 0.82707, A Prec: 0.82090, A Rec: 0.83333
2026-02-24 01:56:14.087 | INFO     | __main__:_valid:1200 - [33mValid: B F1: 0.72941, B Prec: 0.73810, B Rec: 0.72093
2026-02-24 01:56:16.013 | INFO     | __main__:_valid:1195 - [31mTest: Loss: 0.46773
2026-02-24 01:56:16.013 | INFO     | __main__:_valid:1196 - [31mTest: Acc: 0.81106, Macro F1: 0.80217, Macro Prec: 0.80420, Macro Rec: 0.80049
2026-02-24 01:56:16.013 | INFO     | __main__:_valid:1198 - [31mTest: A F1: 0.84411, A Prec: 0.83459, A Rec: 0.85385
2026-02-24 01:56:16.013 | INFO     | __main__:_valid:1200 - [31mTest: B F1: 0.76023, B Prec: 0.77381, B Rec: 0.74713
2026-02-24 01:56:16.034 | INFO     | __main__:run:590 - Current Epoch: 17
2026-02-24 01:56:18.109 | INFO     | __main__:_train:1112 - [34mTrain: Loss: 0.37528
2026-02-24 01:56:18.109 | INFO     | __main__:_train:1113 - [34mTrain: Acc: 0.89168, Macro F1: 0.88415, Macro Prec: 0.89745, Macro Rec: 0.87621
2026-02-24 01:56:18.109 | INFO     | __main__:_train:1115 - [34mTrain: A F1: 0.91368, A Prec: 0.87854, A Rec: 0.95175
2026-02-24 01:56:18.109 | INFO     | __main__:_train:1117 - [34mTrain: B F1: 0.85461, B Prec: 0.91635, B Rec: 0.80066
2026-02-24 01:56:18.483 | INFO     | __main__:_valid:1195 - [33mValid: Loss: 0.60144
2026-02-24 01:56:18.483 | INFO     | __main__:_valid:1196 - [33mValid: Acc: 0.72477, Macro F1: 0.71946, Macro Prec: 0.71890, Macro Rec: 0.72815
2026-02-24 01:56:18.483 | INFO     | __main__:_valid:1198 - [33mValid: A F1: 0.75806, A Prec: 0.81034, A Rec: 0.71212
2026-02-24 01:56:18.483 | INFO     | __main__:_valid:1200 - [33mValid: B F1: 0.68085, B Prec: 0.62745, B Rec: 0.74419
2026-02-24 01:56:20.076 | INFO     | __main__:_valid:1195 - [31mTest: Loss: 0.52773
2026-02-24 01:56:20.076 | INFO     | __main__:_valid:1196 - [31mTest: Acc: 0.77419, Macro F1: 0.77185, Macro Prec: 0.77374, Macro Rec: 0.78492
2026-02-24 01:56:20.077 | INFO     | __main__:_valid:1198 - [31mTest: A F1: 0.79498, A Prec: 0.87156, A Rec: 0.73077
2026-02-24 01:56:20.077 | INFO     | __main__:_valid:1200 - [31mTest: B F1: 0.74872, B Prec: 0.67593, B Rec: 0.83908
2026-02-24 01:56:20.101 | INFO     | __main__:run:590 - Current Epoch: 18
2026-02-24 01:56:22.186 | INFO     | __main__:_train:1112 - [34mTrain: Loss: 0.36887
2026-02-24 01:56:22.186 | INFO     | __main__:_train:1113 - [34mTrain: Acc: 0.89564, Macro F1: 0.89149, Macro Prec: 0.89011, Macro Rec: 0.89305
2026-02-24 01:56:22.186 | INFO     | __main__:_train:1115 - [34mTrain: A F1: 0.91271, A Prec: 0.91982, A Rec: 0.90570
2026-02-24 01:56:22.186 | INFO     | __main__:_train:1117 - [34mTrain: B F1: 0.87028, B Prec: 0.86039, B Rec: 0.88040
2026-02-24 01:56:22.557 | INFO     | __main__:_valid:1195 - [33mValid: Loss: 0.50311
2026-02-24 01:56:22.557 | INFO     | __main__:_valid:1196 - [33mValid: Acc: 0.78899, Macro F1: 0.77408, Macro Prec: 0.78299, Macro Rec: 0.76903
2026-02-24 01:56:22.557 | INFO     | __main__:_valid:1198 - [33mValid: A F1: 0.83212, A Prec: 0.80282, A Rec: 0.86364
2026-02-24 01:56:22.557 | INFO     | __main__:_valid:1200 - [33mValid: B F1: 0.71605, B Prec: 0.76316, B Rec: 0.67442
2026-02-24 01:56:24.486 | INFO     | __main__:_valid:1195 - [31mTest: Loss: 0.46927
2026-02-24 01:56:24.487 | INFO     | __main__:_valid:1196 - [31mTest: Acc: 0.81567, Macro F1: 0.80201, Macro Prec: 0.81721, Macro Rec: 0.79483
2026-02-24 01:56:24.487 | INFO     | __main__:_valid:1198 - [31mTest: A F1: 0.85401, A Prec: 0.81250, A Rec: 0.90000
2026-02-24 01:56:24.487 | INFO     | __main__:_valid:1200 - [31mTest: B F1: 0.75000, B Prec: 0.82192, B Rec: 0.68966
2026-02-24 01:56:24.508 | INFO     | __main__:run:590 - Current Epoch: 19
2026-02-24 01:56:26.638 | INFO     | __main__:_train:1112 - [34mTrain: Loss: 0.34252
2026-02-24 01:56:26.638 | INFO     | __main__:_train:1113 - [34mTrain: Acc: 0.92470, Macro F1: 0.92154, Macro Prec: 0.92086, Macro Rec: 0.92225
2026-02-24 01:56:26.638 | INFO     | __main__:_train:1115 - [34mTrain: A F1: 0.93729, A Prec: 0.94040, A Rec: 0.93421
2026-02-24 01:56:26.638 | INFO     | __main__:_train:1117 - [34mTrain: B F1: 0.90579, B Prec: 0.90132, B Rec: 0.91030
2026-02-24 01:56:27.017 | INFO     | __main__:_valid:1195 - [33mValid: Loss: 0.55607
2026-02-24 01:56:27.017 | INFO     | __main__:_valid:1196 - [33mValid: Acc: 0.79817, Macro F1: 0.78497, Macro Prec: 0.79176, Macro Rec: 0.78066
2026-02-24 01:56:27.017 | INFO     | __main__:_valid:1198 - [33mValid: A F1: 0.83824, A Prec: 0.81429, A Rec: 0.86364
2026-02-24 01:56:27.017 | INFO     | __main__:_valid:1200 - [33mValid: B F1: 0.73171, B Prec: 0.76923, B Rec: 0.69767
2026-02-24 01:56:28.983 | INFO     | __main__:_valid:1195 - [31mTest: Loss: 0.47176
2026-02-24 01:56:28.984 | INFO     | __main__:_valid:1196 - [31mTest: Acc: 0.81106, Macro F1: 0.80047, Macro Prec: 0.80616, Macro Rec: 0.79668
2026-02-24 01:56:28.984 | INFO     | __main__:_valid:1198 - [31mTest: A F1: 0.84644, A Prec: 0.82482, A Rec: 0.86923
2026-02-24 01:56:28.984 | INFO     | __main__:_valid:1200 - [31mTest: B F1: 0.75449, B Prec: 0.78750, B Rec: 0.72414
2026-02-24 01:56:29.005 | INFO     | __main__:run:590 - Current Epoch: 20
2026-02-24 01:56:31.078 | INFO     | __main__:_train:1112 - [34mTrain: Loss: 0.33738
2026-02-24 01:56:31.078 | INFO     | __main__:_train:1113 - [34mTrain: Acc: 0.92734, Macro F1: 0.92386, Macro Prec: 0.92571, Macro Rec: 0.92219
2026-02-24 01:56:31.078 | INFO     | __main__:_train:1115 - [34mTrain: A F1: 0.94015, A Prec: 0.93305, A Rec: 0.94737
2026-02-24 01:56:31.078 | INFO     | __main__:_train:1117 - [34mTrain: B F1: 0.90756, B Prec: 0.91837, B Rec: 0.89701
2026-02-24 01:56:31.454 | INFO     | __main__:_valid:1195 - [33mValid: Loss: 0.57099
2026-02-24 01:56:31.454 | INFO     | __main__:_valid:1196 - [33mValid: Acc: 0.78899, Macro F1: 0.77408, Macro Prec: 0.78299, Macro Rec: 0.76903
2026-02-24 01:56:31.454 | INFO     | __main__:_valid:1198 - [33mValid: A F1: 0.83212, A Prec: 0.80282, A Rec: 0.86364
2026-02-24 01:56:31.455 | INFO     | __main__:_valid:1200 - [33mValid: B F1: 0.71605, B Prec: 0.76316, B Rec: 0.67442
2026-02-24 01:56:32.084 | INFO     | __main__:_valid:1195 - [31mTest: Loss: 0.51044
2026-02-24 01:56:32.084 | INFO     | __main__:_valid:1196 - [31mTest: Acc: 0.79263, Macro F1: 0.78196, Macro Prec: 0.78546, Macro Rec: 0.77940
2026-02-24 01:56:32.084 | INFO     | __main__:_valid:1198 - [31mTest: A F1: 0.83019, A Prec: 0.81481, A Rec: 0.84615
2026-02-24 01:56:32.084 | INFO     | __main__:_valid:1200 - [31mTest: B F1: 0.73373, B Prec: 0.75610, B Rec: 0.71264
2026-02-24 01:56:32.085 | INFO     | __main__:run:590 - Current Epoch: 21
2026-02-24 01:56:34.122 | INFO     | __main__:_train:1112 - [34mTrain: Loss: 0.31130
2026-02-24 01:56:34.122 | INFO     | __main__:_train:1113 - [34mTrain: Acc: 0.94188, Macro F1: 0.93890, Macro Prec: 0.94240, Macro Rec: 0.93594
2026-02-24 01:56:34.122 | INFO     | __main__:_train:1115 - [34mTrain: A F1: 0.95238, A Prec: 0.94017, A Rec: 0.96491
2026-02-24 01:56:34.122 | INFO     | __main__:_train:1117 - [34mTrain: B F1: 0.92542, B Prec: 0.94464, B Rec: 0.90698
2026-02-24 01:56:34.495 | INFO     | __main__:_valid:1195 - [33mValid: Loss: 0.60830
2026-02-24 01:56:34.495 | INFO     | __main__:_valid:1196 - [33mValid: Acc: 0.77982, Macro F1: 0.76956, Macro Prec: 0.76956, Macro Rec: 0.76956
2026-02-24 01:56:34.496 | INFO     | __main__:_valid:1198 - [33mValid: A F1: 0.81818, A Prec: 0.81818, A Rec: 0.81818
2026-02-24 01:56:34.496 | INFO     | __main__:_valid:1200 - [33mValid: B F1: 0.72093, B Prec: 0.72093, B Rec: 0.72093
2026-02-24 01:56:35.170 | INFO     | __main__:_valid:1195 - [31mTest: Loss: 0.53556
2026-02-24 01:56:35.170 | INFO     | __main__:_valid:1196 - [31mTest: Acc: 0.81567, Macro F1: 0.80660, Macro Prec: 0.80948, Macro Rec: 0.80433
2026-02-24 01:56:35.170 | INFO     | __main__:_valid:1198 - [31mTest: A F1: 0.84848, A Prec: 0.83582, A Rec: 0.86154
2026-02-24 01:56:35.171 | INFO     | __main__:_valid:1200 - [31mTest: B F1: 0.76471, B Prec: 0.78313, B Rec: 0.74713
2026-02-24 01:56:35.194 | INFO     | __main__:run:590 - Current Epoch: 22
2026-02-24 01:56:37.298 | INFO     | __main__:_train:1112 - [34mTrain: Loss: 0.31030
2026-02-24 01:56:37.298 | INFO     | __main__:_train:1113 - [34mTrain: Acc: 0.94188, Macro F1: 0.93919, Macro Prec: 0.94024, Macro Rec: 0.93820
2026-02-24 01:56:37.298 | INFO     | __main__:_train:1115 - [34mTrain: A F1: 0.95197, A Prec: 0.94783, A Rec: 0.95614
2026-02-24 01:56:37.298 | INFO     | __main__:_train:1117 - [34mTrain: B F1: 0.92642, B Prec: 0.93266, B Rec: 0.92027
2026-02-24 01:56:37.679 | INFO     | __main__:_valid:1195 - [33mValid: Loss: 0.67299
2026-02-24 01:56:37.679 | INFO     | __main__:_valid:1196 - [33mValid: Acc: 0.75229, Macro F1: 0.74177, Macro Prec: 0.74091, Macro Rec: 0.74278
2026-02-24 01:56:37.679 | INFO     | __main__:_valid:1198 - [33mValid: A F1: 0.79389, A Prec: 0.80000, A Rec: 0.78788
2026-02-24 01:56:37.679 | INFO     | __main__:_valid:1200 - [33mValid: B F1: 0.68966, B Prec: 0.68182, B Rec: 0.69767
2026-02-24 01:56:38.369 | INFO     | __main__:_valid:1195 - [31mTest: Loss: 0.54036
2026-02-24 01:56:38.369 | INFO     | __main__:_valid:1196 - [31mTest: Acc: 0.78802, Macro F1: 0.77758, Macro Prec: 0.78021, Macro Rec: 0.77555
2026-02-24 01:56:38.369 | INFO     | __main__:_valid:1198 - [31mTest: A F1: 0.82576, A Prec: 0.81343, A Rec: 0.83846
2026-02-24 01:56:38.369 | INFO     | __main__:_valid:1200 - [31mTest: B F1: 0.72941, B Prec: 0.74699, B Rec: 0.71264
2026-02-24 01:56:38.399 | INFO     | __main__:run:590 - Current Epoch: 23
2026-02-24 01:56:40.496 | INFO     | __main__:_train:1112 - [34mTrain: Loss: 0.30332
2026-02-24 01:56:40.496 | INFO     | __main__:_train:1113 - [34mTrain: Acc: 0.94452, Macro F1: 0.94182, Macro Prec: 0.94405, Macro Rec: 0.93983
2026-02-24 01:56:40.496 | INFO     | __main__:_train:1115 - [34mTrain: A F1: 0.95435, A Prec: 0.94612, A Rec: 0.96272
2026-02-24 01:56:40.496 | INFO     | __main__:_train:1117 - [34mTrain: B F1: 0.92929, B Prec: 0.94198, B Rec: 0.91694
2026-02-24 01:56:40.867 | INFO     | __main__:_valid:1195 - [33mValid: Loss: 0.63193
2026-02-24 01:56:40.868 | INFO     | __main__:_valid:1196 - [33mValid: Acc: 0.78899, Macro F1: 0.78003, Macro Prec: 0.77902, Macro Rec: 0.78118
2026-02-24 01:56:40.868 | INFO     | __main__:_valid:1198 - [33mValid: A F1: 0.82443, A Prec: 0.83077, A Rec: 0.81818
2026-02-24 01:56:40.868 | INFO     | __main__:_valid:1200 - [33mValid: B F1: 0.73563, B Prec: 0.72727, B Rec: 0.74419
2026-02-24 01:56:41.595 | INFO     | __main__:_valid:1195 - [31mTest: Loss: 0.54499
2026-02-24 01:56:41.595 | INFO     | __main__:_valid:1196 - [31mTest: Acc: 0.80184, Macro F1: 0.79252, Macro Prec: 0.79449, Macro Rec: 0.79089
2026-02-24 01:56:41.595 | INFO     | __main__:_valid:1198 - [31mTest: A F1: 0.83650, A Prec: 0.82707, A Rec: 0.84615
2026-02-24 01:56:41.595 | INFO     | __main__:_valid:1200 - [31mTest: B F1: 0.74854, B Prec: 0.76190, B Rec: 0.73563
2026-02-24 01:56:41.626 | INFO     | __main__:run:590 - Current Epoch: 24
2026-02-24 01:56:43.716 | INFO     | __main__:_train:1112 - [34mTrain: Loss: 0.28111
2026-02-24 01:56:43.716 | INFO     | __main__:_train:1113 - [34mTrain: Acc: 0.95376, Macro F1: 0.95166, Macro Prec: 0.95246, Macro Rec: 0.95089
2026-02-24 01:56:43.717 | INFO     | __main__:_train:1115 - [34mTrain: A F1: 0.96175, A Prec: 0.95861, A Rec: 0.96491
2026-02-24 01:56:43.717 | INFO     | __main__:_train:1117 - [34mTrain: B F1: 0.94157, B Prec: 0.94631, B Rec: 0.93688
2026-02-24 01:56:44.079 | INFO     | __main__:_valid:1195 - [33mValid: Loss: 0.60550
2026-02-24 01:56:44.080 | INFO     | __main__:_valid:1196 - [33mValid: Acc: 0.77982, Macro F1: 0.76542, Macro Prec: 0.77179, Macro Rec: 0.76145
2026-02-24 01:56:44.080 | INFO     | __main__:_valid:1198 - [33mValid: A F1: 0.82353, A Prec: 0.80000, A Rec: 0.84848
2026-02-24 01:56:44.080 | INFO     | __main__:_valid:1200 - [33mValid: B F1: 0.70732, B Prec: 0.74359, B Rec: 0.67442
2026-02-24 01:56:44.844 | INFO     | __main__:_valid:1195 - [31mTest: Loss: 0.51066
2026-02-24 01:56:44.844 | INFO     | __main__:_valid:1196 - [31mTest: Acc: 0.81567, Macro F1: 0.80301, Macro Prec: 0.81512, Macro Rec: 0.79673
2026-02-24 01:56:44.844 | INFO     | __main__:_valid:1198 - [31mTest: A F1: 0.85294, A Prec: 0.81690, A Rec: 0.89231
2026-02-24 01:56:44.844 | INFO     | __main__:_valid:1200 - [31mTest: B F1: 0.75309, B Prec: 0.81333, B Rec: 0.70115
2026-02-24 01:56:44.866 | INFO     | __main__:run:590 - Current Epoch: 25
2026-02-24 01:56:46.980 | INFO     | __main__:_train:1112 - [34mTrain: Loss: 0.27002
2026-02-24 01:56:46.980 | INFO     | __main__:_train:1113 - [34mTrain: Acc: 0.96433, Macro F1: 0.96266, Macro Prec: 0.96407, Macro Rec: 0.96136
2026-02-24 01:56:46.980 | INFO     | __main__:_train:1115 - [34mTrain: A F1: 0.97056, A Prec: 0.96529, A Rec: 0.97588
2026-02-24 01:56:46.980 | INFO     | __main__:_train:1117 - [34mTrain: B F1: 0.95477, B Prec: 0.96284, B Rec: 0.94684
2026-02-24 01:56:47.356 | INFO     | __main__:_valid:1195 - [33mValid: Loss: 0.68033
2026-02-24 01:56:47.356 | INFO     | __main__:_valid:1196 - [33mValid: Acc: 0.77982, Macro F1: 0.77133, Macro Prec: 0.76962, Macro Rec: 0.77361
2026-02-24 01:56:47.356 | INFO     | __main__:_valid:1198 - [33mValid: A F1: 0.81538, A Prec: 0.82812, A Rec: 0.80303
2026-02-24 01:56:47.356 | INFO     | __main__:_valid:1200 - [33mValid: B F1: 0.72727, B Prec: 0.71111, B Rec: 0.74419
2026-02-24 01:56:48.158 | INFO     | __main__:_valid:1195 - [31mTest: Loss: 0.55342
2026-02-24 01:56:48.158 | INFO     | __main__:_valid:1196 - [31mTest: Acc: 0.80184, Macro F1: 0.79252, Macro Prec: 0.79449, Macro Rec: 0.79089
2026-02-24 01:56:48.158 | INFO     | __main__:_valid:1198 - [31mTest: A F1: 0.83650, A Prec: 0.82707, A Rec: 0.84615
2026-02-24 01:56:48.159 | INFO     | __main__:_valid:1200 - [31mTest: B F1: 0.74854, B Prec: 0.76190, B Rec: 0.73563
2026-02-24 01:56:48.187 | INFO     | __main__:run:590 - Current Epoch: 26
2026-02-24 01:56:50.269 | INFO     | __main__:_train:1112 - [34mTrain: Loss: 0.25487
2026-02-24 01:56:50.269 | INFO     | __main__:_train:1113 - [34mTrain: Acc: 0.96697, Macro F1: 0.96551, Macro Prec: 0.96578, Macro Rec: 0.96525
2026-02-24 01:56:50.269 | INFO     | __main__:_train:1115 - [34mTrain: A F1: 0.97262, A Prec: 0.97155, A Rec: 0.97368
2026-02-24 01:56:50.269 | INFO     | __main__:_train:1117 - [34mTrain: B F1: 0.95840, B Prec: 0.96000, B Rec: 0.95681
2026-02-24 01:56:50.630 | INFO     | __main__:_valid:1195 - [33mValid: Loss: 0.66399
2026-02-24 01:56:50.631 | INFO     | __main__:_valid:1196 - [33mValid: Acc: 0.78899, Macro F1: 0.77408, Macro Prec: 0.78299, Macro Rec: 0.76903
2026-02-24 01:56:50.631 | INFO     | __main__:_valid:1198 - [33mValid: A F1: 0.83212, A Prec: 0.80282, A Rec: 0.86364
2026-02-24 01:56:50.631 | INFO     | __main__:_valid:1200 - [33mValid: B F1: 0.71605, B Prec: 0.76316, B Rec: 0.67442
2026-02-24 01:56:50.632 | INFO     | __main__:run:595 - [32mEarly stopping at epoch 26
2026-02-24 01:56:50.632 | INFO     | __main__:run:603 - [31mBest of Acc in fold default:
2026-02-24 01:56:51.596 | INFO     | __main__:_valid:1195 - [31mTest: Loss: 0.51663
2026-02-24 01:56:51.596 | INFO     | __main__:_valid:1196 - [31mTest: Acc: 0.81106, Macro F1: 0.80217, Macro Prec: 0.80420, Macro Rec: 0.80049
2026-02-24 01:56:51.596 | INFO     | __main__:_valid:1198 - [31mTest: A F1: 0.84411, A Prec: 0.83459, A Rec: 0.85385
2026-02-24 01:56:51.596 | INFO     | __main__:_valid:1200 - [31mTest: B F1: 0.76023, B Prec: 0.77381, B Rec: 0.74713
2026-02-24 01:56:51.621 | INFO     | __main__:run:621 - Best of Acc in all fold: 0.8110598921775818, Best F1: 0.8021701574325562, Best Precision: 0.8041980266571045, Best Recall: 0.8004863262176514
2026-02-24 01:56:51.621 | INFO     | __main__:run:623 - Best of A F1 in all fold: 0.8441064357757568, Best A Precision: 0.8345864415168762, Best A Recall: 0.8538461327552795
2026-02-24 01:56:51.621 | INFO     | __main__:run:625 - Best of B F1 in all fold: 0.7602339386940002, Best B Precision: 0.773809552192688, Best B Recall: 0.7471264600753784
